
<!DOCTYPE html>

<html lang="en">
  <head>
    <meta charset="utf-8" />
    <meta name="viewport" content="width=device-width, initial-scale=1.0" />
    <title>Joe’s blog &#8212; Joe&#39;s website</title>
    <link rel="stylesheet" type="text/css" href="_static/pygments.css" />
    <link rel="stylesheet" type="text/css" href="_static/alabaster.css" />
    <script data-url_root="./" id="documentation_options" src="_static/documentation_options.js"></script>
    <script src="_static/jquery.js"></script>
    <script src="_static/underscore.js"></script>
    <script src="_static/doctools.js"></script>
    <link rel="index" title="Index" href="genindex.html" />
    <link rel="search" title="Search" href="search.html" />
    <link rel="next" title="First day" href="first.html" />
   
  <link rel="stylesheet" href="_static/custom.css" type="text/css" />
  
  
  <meta name="viewport" content="width=device-width, initial-scale=0.9, maximum-scale=0.9" />

  </head><body>
  

    <div class="document">
      <div class="documentwrapper">
        <div class="bodywrapper">
          

          <div class="body" role="main">
            
  <div class="section" id="joe-s-blog">
<h1>Joe’s blog<a class="headerlink" href="#joe-s-blog" title="Permalink to this headline">¶</a></h1>
<div class="section" id="sitemap">
<h2>Sitemap<a class="headerlink" href="#sitemap" title="Permalink to this headline">¶</a></h2>
<div class="toctree-wrapper compound">
<ul>
<li class="toctree-l1"><a class="reference internal" href="first.html">First day</a></li>
<li class="toctree-l1"><a class="reference internal" href="second.html">Second day</a></li>
</ul>
</div>
</div>
</div>


          </div>
          
        </div>
      </div>
      <div class="sphinxsidebar" role="navigation" aria-label="main navigation">
        <div class="sphinxsidebarwrapper">
<h1 class="logo"><a href="#">First sphinxfeed tester</a></h1>








<h3>Navigation</h3>
<ul>
<li class="toctree-l1"><a class="reference internal" href="first.html">First day</a></li>
<li class="toctree-l1"><a class="reference internal" href="second.html">Second day</a></li>
</ul>

<div class="relations">
<h3>Related Topics</h3>
<ul>
  <li><a href="#">Documentation overview</a><ul>
      <li>Next: <a href="first.html" title="next chapter">First day</a></li>
  </ul></li>
</ul>
</div>
<div id="searchbox" style="display: none" role="search">
  <h3 id="searchlabel">Quick search</h3>
    <div class="searchformwrapper">
    <form class="search" action="search.html" method="get">
      <input type="text" name="q" aria-labelledby="searchlabel" />
      <input type="submit" value="Go" />
    </form>
    </div>
</div>
<script>$('#searchbox').show(0);</script>








        </div>
      </div>
      <div class="clearer"></div>
    </div>
    <div class="footer">
      &copy;2018 Joe Doe.
      
      |
      Powered by <a href="http://sphinx-doc.org/">Sphinx 4.0.2</a>
      &amp; <a href="https://github.com/bitprophet/alabaster">Alabaster 0.7.12</a>
      
      |
      <a href="_sources/index.rst.txt"
          rel="nofollow">Page source</a>
    </div>

    

    
  </body>
</html>