<?xml version='1.0' encoding='UTF-8'?>
<rss xmlns:atom="http://www.w3.org/2005/Atom" xmlns:content="http://purl.org/rss/1.0/modules/content/" version="2.0"><channel><title>First sphinxfeed tester</title><link>http://news.example.com</link><description>Joe's blog</description><copyright>2018 Joe Doe</copyright><docs>http://www.rssboard.org/rss-specification</docs><generator>python-feedgen</generator><language>en</language><lastBuildDate>Fri, 15 Mar 2019 17:25:39 +0000</lastBuildDate></channel></rss>